docker run --rm --memory 1g --memory-swap 1g --cpus 1 \
	-v "/home/dev/fireghost-google-20260930/source/crw:/source/crw:ro" node:22-bookworm@sha256:363e1587494626837fa7f9a23bdb453d13b0ff3c67c705c2805cfc69c2d2fad7 sh -ec '\
	mkdir -p /tmp/crw/crates; \
	cp -R /source/crw/crates/crw-renderer /source/crw/crates/crw-search /tmp/crw/crates/; \
	cd /tmp/crw/crates/crw-renderer/tests/pipeline_dom; \
	npm ci --ignore-scripts --no-audit; \
	node runner.cjs; \
	node /tmp/crw/crates/crw-search/tests/google_dom/runner.cjs'
npm warn deprecated whatwg-encoding@3.1.1: Use @exodus/bytes instead for a more spec-conformant and faster implementation

added 50 packages in 2s

7 packages are looking for funding
  run `npm fund` for details
npm notice
npm notice New major version of npm available! 10.9.9 -> 12.2.0
npm notice Changelog: https://github.com/npm/cli/releases/tag/v12.2.0
npm notice To update run: npm install -g npm@12.2.0
npm notice
PASS article uses real Readability, keeps links, and preserves live DOM
PASS article never returns a complete page when Readability finds no content
PASS modern Reddit keeps exact thread, own bodies, parent links, and deleted markers
PASS old Reddit preserves nesting without duplicating child bodies or inventing deleted IDs
PASS link-only and deleted-text posts retain a readable requested title
PASS one safe modern expansion loads a reply, leaves vote/report/reply actions untouched
PASS old inline load-more controls expand only one safe action
PASS post identity mismatch, offsite hosts, and conflicting comment parent IDs fail closed
PASS block screen differs from valid thread quotations and missing comment hydration
PASS UTF-8 and escaped oversized content is bounded, structurally valid, explicitly partial
PASS seen-ID cursor reaches later already-loaded comments across bounded snapshots
PASS unsafe HTML and external load-more navigation are never exported or clicked
{"tests":12,"passed":12,"failed":0}
PASS linked heading preserves its destination and snippet
PASS preceding decoy anchor cannot replace the linked heading destination
PASS nested result wrappers preserve distinct headings without duplicates
PASS Google tracking q link resolves to the external destination
PASS empty unsafe malformed and untitled links are not results
PASS provider widgets and unlinked headings are not organic results
PASS heading owns one child link but ambiguous child links are not guessed
PASS snippet ascends only single-heading wrappers without borrowing another result
8/8 Google DOM fixtures passed
test_restore_replaces_both_volume_trees_including_dotfiles (backup_restore_test.BackupRestoreTest.test_restore_replaces_both_volume_trees_including_dotfiles) ... ok
test_candidate_toml_adds_only_dedicated_browser_endpoint (browser_pipeline_overlay_test.BrowserPipelineOverlayTest.test_candidate_toml_adds_only_dedicated_browser_endpoint) ... ok
test_rendered_overlay_preserves_baseline_and_isolates_pipeline (browser_pipeline_overlay_test.BrowserPipelineOverlayTest.test_rendered_overlay_preserves_baseline_and_isolates_pipeline) ... ok
test_compose_forwards_router_source (build_identity_test.BuildIdentityTest.test_compose_forwards_router_source) ... ok
test_crw_image_source_is_the_monorepo (build_identity_test.BuildIdentityTest.test_crw_image_source_is_the_monorepo) ... ok
test_current_public_identity_is_fireghost (build_identity_test.BuildIdentityTest.test_current_public_identity_is_fireghost) ... ok
test_root_builds_forward_monorepo_identity (build_identity_test.BuildIdentityTest.test_root_builds_forward_monorepo_identity) ... ok
test_router_oci_identity_is_fireghost (build_identity_test.BuildIdentityTest.test_router_oci_identity_is_fireghost) ... ok
test_no_mcp_service_or_port (compose_test.ComposeContractTest.test_no_mcp_service_or_port) ... ok
test_no_secret_value_is_embedded (compose_test.ComposeContractTest.test_no_secret_value_is_embedded) ... ok
test_only_router_is_published_on_loopback (compose_test.ComposeContractTest.test_only_router_is_published_on_loopback) ... ok
test_persistent_volumes_are_named_and_mounted (compose_test.ComposeContractTest.test_persistent_volumes_are_named_and_mounted) ... ok
test_renderer_images_are_immutable (compose_test.ComposeContractTest.test_renderer_images_are_immutable) ... ok
test_router_receives_disabled_mcp_default (compose_test.ComposeContractTest.test_router_receives_disabled_mcp_default) ... ok
test_router_receives_documented_byte_limits (compose_test.ComposeContractTest.test_router_receives_documented_byte_limits) ... ok
test_router_receives_documented_monthly_reset_day (compose_test.ComposeContractTest.test_router_receives_documented_monthly_reset_day) ... ok
test_router_receives_documented_token_bucket_defaults (compose_test.ComposeContractTest.test_router_receives_documented_token_bucket_defaults) ... ok
test_router_receives_server_read_timeout (compose_test.ComposeContractTest.test_router_receives_server_read_timeout) ... ok
test_services_have_security_and_operational_limits (compose_test.ComposeContractTest.test_services_have_security_and_operational_limits) ... ok
test_staging_override_replaces_the_router_port (compose_test.ComposeContractTest.test_staging_override_replaces_the_router_port) ... ok
test_actual_old_directory_paths_remain_blocked_next_to_mapping_keys (layout_test.RepositoryLayoutTest.test_actual_old_directory_paths_remain_blocked_next_to_mapping_keys) ... ok
test_developer_appliance_has_an_unambiguous_home (layout_test.RepositoryLayoutTest.test_developer_appliance_has_an_unambiguous_home) ... ok
test_developer_appliance_reuses_public_crw_configuration (layout_test.RepositoryLayoutTest.test_developer_appliance_reuses_public_crw_configuration) ... ok
test_make_uses_the_developer_directory_as_compose_project_directory (layout_test.RepositoryLayoutTest.test_make_uses_the_developer_directory_as_compose_project_directory) ... ok
test_mapping_keys_do_not_count_as_old_directory_paths (layout_test.RepositoryLayoutTest.test_mapping_keys_do_not_count_as_old_directory_paths) ... ok
test_old_directory_tracked_prefix_remains_blocked (layout_test.RepositoryLayoutTest.test_old_directory_tracked_prefix_remains_blocked) ... ok
test_tracked_files_do_not_reference_the_old_directory (layout_test.RepositoryLayoutTest.test_tracked_files_do_not_reference_the_old_directory) ... ok
test_alias_can_advance_or_be_retried_but_not_regress (release_workflow_test.ReleaseTagContractTest.test_alias_can_advance_or_be_retried_but_not_regress) ... ok
test_alias_promotion_rejects_untrusted_version_labels (release_workflow_test.ReleaseTagContractTest.test_alias_promotion_rejects_untrusted_version_labels) ... ok
test_alias_without_a_successful_prior_release_can_be_created (release_workflow_test.ReleaseTagContractTest.test_alias_without_a_successful_prior_release_can_be_created) ... ok
test_legacy_component_and_malformed_tags_are_rejected (release_workflow_test.ReleaseTagContractTest.test_legacy_component_and_malformed_tags_are_rejected) ... ok
test_registry_inspection_only_classifies_confirmed_missing_manifests_as_absent (release_workflow_test.ReleaseTagContractTest.test_registry_inspection_only_classifies_confirmed_missing_manifests_as_absent) ... ok
test_stable_fireghost_tag_emits_version_minor_and_latest (release_workflow_test.ReleaseTagContractTest.test_stable_fireghost_tag_emits_version_minor_and_latest) ... ok
test_forgejo_smoke_uses_host_runner_localhost (release_workflow_test.ReleaseWorkflowContractTest.test_forgejo_smoke_uses_host_runner_localhost) ... ok
test_github_defines_no_build_or_release_workflows (release_workflow_test.ReleaseWorkflowContractTest.test_github_defines_no_build_or_release_workflows) ... ok
test_non_release_workflows_do_not_run_for_tags (release_workflow_test.ReleaseWorkflowContractTest.test_non_release_workflows_do_not_run_for_tags) ... ok
test_public_compose_tracks_owned_latest_tags_but_pins_third_party_images (release_workflow_test.ReleaseWorkflowContractTest.test_public_compose_tracks_owned_latest_tags_but_pins_third_party_images) ... ok
test_release_installs_pinned_rust_before_full_gate (release_workflow_test.ReleaseWorkflowContractTest.test_release_installs_pinned_rust_before_full_gate) ... ok
test_release_uses_separate_bounded_build_validation_and_promotion_jobs (release_workflow_test.ReleaseWorkflowContractTest.test_release_uses_separate_bounded_build_validation_and_promotion_jobs) ... ok
test_stable_tags_are_promoted_only_after_both_candidate_images_pass_live_contract (release_workflow_test.ReleaseWorkflowContractTest.test_stable_tags_are_promoted_only_after_both_candidate_images_pass_live_contract) ... ok
test_workflow_is_tag_only_and_runs_checks_before_publishing_both_images (release_workflow_test.ReleaseWorkflowContractTest.test_workflow_is_tag_only_and_runs_checks_before_publishing_both_images) ... ok
test_compose_and_environment_are_auto_discoverable_at_root (root_deployment_test.RootDeploymentContractTest.test_compose_and_environment_are_auto_discoverable_at_root) ... ok
test_mcp_is_disabled_by_default_and_uses_existing_private_route (root_deployment_test.RootDeploymentContractTest.test_mcp_is_disabled_by_default_and_uses_existing_private_route) ... ok
test_public_compose_is_pull_only_private_and_versioned (root_deployment_test.RootDeploymentContractTest.test_public_compose_is_pull_only_private_and_versioned) ... ok
test_public_rename_preserves_deployment_compatibility_identifiers (root_deployment_test.RootDeploymentContractTest.test_public_rename_preserves_deployment_compatibility_identifiers) ... ok
test_route_and_operational_defaults_are_interpolated (root_deployment_test.RootDeploymentContractTest.test_route_and_operational_defaults_are_interpolated) ... ok
test_supporting_files_have_stable_root_relative_mounts (root_deployment_test.RootDeploymentContractTest.test_supporting_files_have_stable_root_relative_mounts) ... ok
test_templates_contain_no_embedded_secrets (root_deployment_test.RootDeploymentContractTest.test_templates_contain_no_embedded_secrets) ... ok
test_buffered_monthly_math_and_continuous_pacing (root_deployment_test.RootEntrypointContractTest.test_buffered_monthly_math_and_continuous_pacing) ... ok
test_cloud_enable_switch_removes_or_requires_key (root_deployment_test.RootEntrypointContractTest.test_cloud_enable_switch_removes_or_requires_key) ... ok
test_current_manifest_matches_deployment_inputs (stack_lock_test.StackLockTest.test_current_manifest_matches_deployment_inputs) ... ok
test_rejects_crw_env_digest_drift (stack_lock_test.StackLockTest.test_rejects_crw_env_digest_drift) ... ok
test_rejects_missing_source_provenance (stack_lock_test.StackLockTest.test_rejects_missing_source_provenance) ... ok
test_rejects_mutable_compose_image (stack_lock_test.StackLockTest.test_rejects_mutable_compose_image) ... ok
test_check_reports_current_changed_and_unavailable (upstream_updates_test.UpstreamManifestTest.test_check_reports_current_changed_and_unavailable) ... ok
test_check_reports_missing_probe_commands_as_unavailable (upstream_updates_test.UpstreamManifestTest.test_check_reports_missing_probe_commands_as_unavailable) ... ok
test_check_reports_non_utf8_probe_output_as_unavailable (upstream_updates_test.UpstreamManifestTest.test_check_reports_non_utf8_probe_output_as_unavailable) ... ok
test_check_updates_entrypoint_delegates_to_manifest_tool (upstream_updates_test.UpstreamManifestTest.test_check_updates_entrypoint_delegates_to_manifest_tool) ... ok
test_check_uses_labeled_root_manifest_digest (upstream_updates_test.UpstreamManifestTest.test_check_uses_labeled_root_manifest_digest) ... ok
test_prepare_crw_does_not_treat_patchless_ranges_as_integrated (upstream_updates_test.UpstreamManifestTest.test_prepare_crw_does_not_treat_patchless_ranges_as_integrated) ... ok
test_prepare_crw_reports_patch_already_integrated (upstream_updates_test.UpstreamManifestTest.test_prepare_crw_reports_patch_already_integrated) ... ok
test_prepare_crw_requires_every_source_patch_in_target_history (upstream_updates_test.UpstreamManifestTest.test_prepare_crw_requires_every_source_patch_in_target_history) ... ok
test_prepare_crw_retains_patch_and_reports_conflict (upstream_updates_test.UpstreamManifestTest.test_prepare_crw_retains_patch_and_reports_conflict) ... ok
test_prepare_crw_writes_reviewable_patch_without_changing_target (upstream_updates_test.UpstreamManifestTest.test_prepare_crw_writes_reviewable_patch_without_changing_target) ... ok
test_repository_manifest_tracks_discovery_not_deployment (upstream_updates_test.UpstreamManifestTest.test_repository_manifest_tracks_discovery_not_deployment) ... ok
test_validate_accepts_reviewed_upstreams_manifest (upstream_updates_test.UpstreamManifestTest.test_validate_accepts_reviewed_upstreams_manifest) ... ok

----------------------------------------------------------------------
Ran 66 tests in 5.110s

OK
test_candidate_content_loss_fails_valid_comparison (appliance_compatibility_gate_test.ApplianceCompatibilityGateTests.test_candidate_content_loss_fails_valid_comparison) ... ok
test_failed_control_does_not_establish_candidate_regression (appliance_compatibility_gate_test.ApplianceCompatibilityGateTests.test_failed_control_does_not_establish_candidate_regression) ... ok
test_legacy_response_without_renderer_provenance_and_future_fields (appliance_compatibility_gate_test.ApplianceCompatibilityGateTests.test_legacy_response_without_renderer_provenance_and_future_fields) ... ok
test_missing_cloud_metrics_and_cloud_attempts_fail_closed (appliance_compatibility_gate_test.ApplianceCompatibilityGateTests.test_missing_cloud_metrics_and_cloud_attempts_fail_closed) ... ok
test_origin_error_is_not_successful_scrape (appliance_compatibility_gate_test.ApplianceCompatibilityGateTests.test_origin_error_is_not_successful_scrape) ... ok
test_search_requires_valid_rows_and_title_overlap (appliance_compatibility_gate_test.ApplianceCompatibilityGateTests.test_search_requires_valid_rows_and_title_overlap) ... ok
test_untrusted_origin_status_is_not_retained_in_artifact (appliance_compatibility_gate_test.ApplianceCompatibilityGateTests.test_untrusted_origin_status_is_not_retained_in_artifact) ... ok
test_actual_shapes_consecutive_reuse_cleanup_and_safe_manifest (browser_http_contract_gate_test.BrowserHTTPContractGateTests.test_actual_shapes_consecutive_reuse_cleanup_and_safe_manifest) ... ok
test_blank_create_5xx_resets_only_owned_profile_and_retries_once (browser_http_contract_gate_test.BrowserHTTPContractGateTests.test_blank_create_5xx_resets_only_owned_profile_and_retries_once) ... ok
test_cleanup_failure_fails_gate_even_after_good_content (browser_http_contract_gate_test.BrowserHTTPContractGateTests.test_cleanup_failure_fails_gate_even_after_good_content) ... ok
test_current_example_domain_body_does_not_need_the_title_as_a_heading (browser_http_contract_gate_test.BrowserHTTPContractGateTests.test_current_example_domain_body_does_not_need_the_title_as_a_heading) ... ok
test_dribbling_response_cannot_renew_the_body_deadline (browser_http_contract_gate_test.BrowserHTTPContractGateTests.test_dribbling_response_cannot_renew_the_body_deadline) ... ok
test_each_run_uses_a_new_profile (browser_http_contract_gate_test.BrowserHTTPContractGateTests.test_each_run_uses_a_new_profile) ... ok
test_evaluation_failure_is_truthful_and_always_cleans_up (browser_http_contract_gate_test.BrowserHTTPContractGateTests.test_evaluation_failure_is_truthful_and_always_cleans_up) ... ok
test_foreign_tab_list_or_unsafe_tab_id_fails_without_unscoped_delete (browser_http_contract_gate_test.BrowserHTTPContractGateTests.test_foreign_tab_list_or_unsafe_tab_id_fails_without_unscoped_delete) ... ok
test_http_transport_bounds_response_and_does_not_follow_redirects (browser_http_contract_gate_test.BrowserHTTPContractGateTests.test_http_transport_bounds_response_and_does_not_follow_redirects) ... ok
test_invalid_fixture_and_unpinned_manifest_fail_before_network (browser_http_contract_gate_test.BrowserHTTPContractGateTests.test_invalid_fixture_and_unpinned_manifest_fail_before_network) ... ok
test_non_json_create_5xx_is_status_evidence_for_scoped_recovery (browser_http_contract_gate_test.BrowserHTTPContractGateTests.test_non_json_create_5xx_is_status_evidence_for_scoped_recovery) ... ok
test_repeated_5xx_or_4xx_does_not_loop (browser_http_contract_gate_test.BrowserHTTPContractGateTests.test_repeated_5xx_or_4xx_does_not_loop) ... ok
test_transport_timeout_does_not_retry_ambiguous_create (browser_http_contract_gate_test.BrowserHTTPContractGateTests.test_transport_timeout_does_not_retry_ambiguous_create) ... ok
test_unknown_health_engine_and_old_version_fail (browser_http_contract_gate_test.BrowserHTTPContractGateTests.test_unknown_health_engine_and_old_version_fail) ... ok
test_wrong_pinned_version_prevents_creation (browser_http_contract_gate_test.BrowserHTTPContractGateTests.test_wrong_pinned_version_prevents_creation) ... ok
test_wrong_title_is_rejected_even_with_both_old_and_current_body_markers (browser_http_contract_gate_test.BrowserHTTPContractGateTests.test_wrong_title_is_rejected_even_with_both_old_and_current_body_markers) ... ok
test_cli_returns_nonzero_for_live_failures (browser_pipeline_live_gate_test.BrowserPipelineLiveGateTests.test_cli_returns_nonzero_for_live_failures) ... ok
test_existing_output_and_invalid_matrix_fail_before_requests (browser_pipeline_live_gate_test.BrowserPipelineLiveGateTests.test_existing_output_and_invalid_matrix_fail_before_requests) ... ok
test_fixture_cases_run_and_artifact_omits_untrusted_content (browser_pipeline_live_gate_test.BrowserPipelineLiveGateTests.test_fixture_cases_run_and_artifact_omits_untrusted_content) ... ok
test_non_200_false_success_wrong_pipeline_and_wrong_renderer_fail (browser_pipeline_live_gate_test.BrowserPipelineLiveGateTests.test_non_200_false_success_wrong_pipeline_and_wrong_renderer_fail) ... ok
test_optional_actual_mcp_requires_structured_response_without_is_error (browser_pipeline_live_gate_test.BrowserPipelineLiveGateTests.test_optional_actual_mcp_requires_structured_response_without_is_error) ... ok
test_parent_cycles_fail_while_unloaded_parent_links_remain_valid_partial_evidence (browser_pipeline_live_gate_test.BrowserPipelineLiveGateTests.test_parent_cycles_fail_while_unloaded_parent_links_remain_valid_partial_evidence) ... ok
test_reddit_never_claims_complete_and_counts_match_actual_comments (browser_pipeline_live_gate_test.BrowserPipelineLiveGateTests.test_reddit_never_claims_complete_and_counts_match_actual_comments) ... ok
test_redirect_within_thread_is_allowed_but_other_threads_and_secret_urls_fail (browser_pipeline_live_gate_test.BrowserPipelineLiveGateTests.test_redirect_within_thread_is_allowed_but_other_threads_and_secret_urls_fail) ... ok
test_round_item_byte_and_elapsed_budgets_are_enforced (browser_pipeline_live_gate_test.BrowserPipelineLiveGateTests.test_round_item_byte_and_elapsed_budgets_are_enforced) ... ok
test_transport_and_invalid_json_fail_without_copying_exception_text (browser_pipeline_live_gate_test.BrowserPipelineLiveGateTests.test_transport_and_invalid_json_fail_without_copying_exception_text) ... ok
test_unique_ids_parent_links_and_partial_deleted_markers (browser_pipeline_live_gate_test.BrowserPipelineLiveGateTests.test_unique_ids_parent_links_and_partial_deleted_markers) ... ok
test_utf8_markdown_floor_and_safe_unknown_metadata (browser_pipeline_live_gate_test.BrowserPipelineLiveGateTests.test_utf8_markdown_floor_and_safe_unknown_metadata) ... ok
test_artifact_is_never_overwritten (browser_regression_gate_test.BrowserRegressionGateTests.test_artifact_is_never_overwritten) ... ok
test_checked_in_matrix_covers_both_browsers_and_key_paths (browser_regression_gate_test.BrowserRegressionGateTests.test_checked_in_matrix_covers_both_browsers_and_key_paths) ... ok
test_failed_request_keeps_candidate_evidence_and_sanitizes_error (browser_regression_gate_test.BrowserRegressionGateTests.test_failed_request_keeps_candidate_evidence_and_sanitizes_error) ... ok
test_gate_forces_renderer_compares_output_and_writes_safe_artifact (browser_regression_gate_test.BrowserRegressionGateTests.test_gate_forces_renderer_compares_output_and_writes_safe_artifact) ... ok
test_invalid_matrix_fails_before_any_request (browser_regression_gate_test.BrowserRegressionGateTests.test_invalid_matrix_fails_before_any_request) ... ok
test_invalid_production_is_distinguished_from_candidate_regression (browser_regression_gate_test.BrowserRegressionGateTests.test_invalid_production_is_distinguished_from_candidate_regression) ... ok
test_javascript_markers_describe_rendered_main_content (browser_regression_gate_test.BrowserRegressionGateTests.test_javascript_markers_describe_rendered_main_content) ... ok
test_regressions_accumulate_actionable_reasons (browser_regression_gate_test.BrowserRegressionGateTests.test_regressions_accumulate_actionable_reasons) ... ok
test_relative_content_loss_fails_even_when_both_semantic_checks_pass (browser_regression_gate_test.BrowserRegressionGateTests.test_relative_content_loss_fails_even_when_both_semantic_checks_pass) ... ok
test_completed_response_closes_even_when_connection_detaches_socket (gate_http_test.GateHTTPDeadlineTests.test_completed_response_closes_even_when_connection_detaches_socket) ... ok
test_slow_dns_is_bounded_without_sending_a_late_http_request (gate_http_test.GateHTTPDeadlineTests.test_slow_dns_is_bounded_without_sending_a_late_http_request) ... ok
test_trickled_chunk_size_cannot_renew_total_deadline (gate_http_test.GateHTTPDeadlineTests.test_trickled_chunk_size_cannot_renew_total_deadline) ... ok
test_trickled_header_line_cannot_renew_total_deadline (gate_http_test.GateHTTPDeadlineTests.test_trickled_header_line_cannot_renew_total_deadline) ... ok
test_artifact_bounds_and_redacts_untrusted_strings_and_refuses_overwrite (hermes_regression_gate_test.HermesRegressionGateTests.test_artifact_bounds_and_redacts_untrusted_strings_and_refuses_overwrite) ... ok
test_artifact_records_reproducibility_identity_without_secrets (hermes_regression_gate_test.HermesRegressionGateTests.test_artifact_records_reproducibility_identity_without_secrets) ... ok
test_artifact_records_semantic_checks_and_cloud_metric_deltas (hermes_regression_gate_test.HermesRegressionGateTests.test_artifact_records_semantic_checks_and_cloud_metric_deltas) ... ok
test_candidate_cloud_attempt_or_semantic_regression_fails_with_reasons (hermes_regression_gate_test.HermesRegressionGateTests.test_candidate_cloud_attempt_or_semantic_regression_fails_with_reasons) ... ok
test_candidate_must_match_production_behavior (hermes_regression_gate_test.HermesRegressionGateTests.test_candidate_must_match_production_behavior) ... ok
test_candidate_uses_absolute_latency_ceiling (hermes_regression_gate_test.HermesRegressionGateTests.test_candidate_uses_absolute_latency_ceiling) ... ok
test_cli_endpoints_are_fixed_and_distinct (hermes_regression_gate_test.HermesRegressionGateTests.test_cli_endpoints_are_fixed_and_distinct) ... ok
test_custom_search_query_reaches_probe_and_artifact (hermes_regression_gate_test.HermesRegressionGateTests.test_custom_search_query_reaches_probe_and_artifact) ... ok
test_make_target_invokes_gate_with_python (hermes_regression_gate_test.HermesRegressionGateTests.test_make_target_invokes_gate_with_python) ... ok
test_metrics_are_bracketed_per_probe_and_extra_traffic_fails (hermes_regression_gate_test.HermesRegressionGateTests.test_metrics_are_bracketed_per_probe_and_extra_traffic_fails) ... ok
test_missing_metrics_or_wrong_endpoint_is_fail_closed (hermes_regression_gate_test.HermesRegressionGateTests.test_missing_metrics_or_wrong_endpoint_is_fail_closed) ... ok
test_probe_failure_writes_sanitized_failing_artifact (hermes_regression_gate_test.HermesRegressionGateTests.test_probe_failure_writes_sanitized_failing_artifact) ... ok
test_probe_uses_actual_hermes_search_and_extraction_payloads (hermes_regression_gate_test.HermesRegressionGateTests.test_probe_uses_actual_hermes_search_and_extraction_payloads) ... ok
test_production_cloud_fallback_is_baseline_when_candidate_stays_local (hermes_regression_gate_test.HermesRegressionGateTests.test_production_cloud_fallback_is_baseline_when_candidate_stays_local) ... ok
test_provider_probe_runs_once_per_endpoint_in_separate_processes (hermes_regression_gate_test.HermesRegressionGateTests.test_provider_probe_runs_once_per_endpoint_in_separate_processes) ... ok
test_success_requires_search_and_scrape_request_deltas_on_each_router (hermes_regression_gate_test.HermesRegressionGateTests.test_success_requires_search_and_scrape_request_deltas_on_each_router) ... ok

----------------------------------------------------------------------
Ran 64 tests in 0.921s

OK
