PASS linked heading preserves its destination and snippet
PASS preceding decoy anchor cannot replace the linked heading destination
PASS nested result wrappers preserve distinct headings without duplicates
PASS Google tracking q link resolves to the external destination
PASS empty unsafe malformed and untitled links are not results
PASS provider widgets and unlinked headings are not organic results
PASS heading owns one child link but ambiguous child links are not guessed
PASS snippet ascends only single-heading wrappers without borrowing another result
FAIL sitelink headings stay inside their primary result while nested result cards remain distinct: Expected values to be strictly deep-equal:
+ actual - expected

  [
    {
+     content: '',
-     content: 'The primary result keeps its own snippet.',
      title: 'Primary organic result',
      url: 'https://example.org/primary'
    },
    {
+     content: '',
+     title: 'First sitelink',
+     url: 'https://example.org/primary/one'
+   },
+   {
+     content: '',
+     title: 'Second sitelink',
+     url: 'https://example.org/primary/two'
+   },
+   {
+     content: '',
+     title: 'Third sitelink',
+     url: 'https://example.org/primary/three'
+   },
+   {
+     content: '',
+     title: 'Fourth sitelink',
+     url: 'https://example.org/primary/four'
+   },
+   {
+     content: '',
+     title: 'Fifth sitelink',
+     url: 'https://example.org/primary/five'
+   },
+   {
      content: 'First independent snippet.',
      title: 'First independent nested result',
      url: 'https://example.net/nested-first'
    },
    {

8/9 Google DOM fixtures passed
