   Compiling crw-core v1.2.0 (/src/crates/crw-core)
   Compiling crw-search v1.2.0 (/src/crates/crw-search)
    Finished `test` profile [unoptimized] target(s) in 7.97s
     Running unittests src/lib.rs (/target/debug/deps/crw_search-57fcb1885d6fee0b)

running 3 tests

thread 'camofox_search::diagnostic_tests::late_navigation_changes_query_without_returning_stale_rows' (1045) panicked at crates/crw-search/src/camofox_search.rs:1437:9:
assertion failed: matches!(client.fetch(&google_params()).await, Err(SearchError::Timeout))
note: run with `RUST_BACKTRACE=1` environment variable to display a backtrace
test camofox_search::diagnostic_tests::late_navigation_changes_query_without_returning_stale_rows ... FAILED

thread 'camofox_search::diagnostic_tests::late_navigation_to_challenge_after_empty_evaluation_is_blocked' (1046) panicked at crates/crw-search/src/camofox_search.rs:1404:9:
assertion failed: matches!(client.fetch(&google_params()).await,
    Err(SearchError::Blocked { engine }) if engine == "google")
test camofox_search::diagnostic_tests::late_navigation_to_challenge_after_empty_evaluation_is_blocked ... FAILED

thread 'camofox_search::diagnostic_tests::late_navigation_to_challenge_during_settle_is_blocked' (1049) panicked at crates/crw-search/src/camofox_search.rs:1378:9:
assertion failed: matches!(client.fetch(&google_params()).await,
    Err(SearchError::Blocked { engine }) if engine == "google")
test camofox_search::diagnostic_tests::late_navigation_to_challenge_during_settle_is_blocked ... FAILED

failures:

failures:
    camofox_search::diagnostic_tests::late_navigation_changes_query_without_returning_stale_rows
    camofox_search::diagnostic_tests::late_navigation_to_challenge_after_empty_evaluation_is_blocked
    camofox_search::diagnostic_tests::late_navigation_to_challenge_during_settle_is_blocked

test result: FAILED. 0 passed; 3 failed; 0 ignored; 0 measured; 83 filtered out; finished in 1.35s

error: test failed, to rerun pass `-p crw-search --lib`
