#0 building with "fg-upgrades-builder-20260930" instance using docker-container driver

#1 [internal] load build definition from Dockerfile
#1 transferring dockerfile: 1.55kB done
#1 DONE 0.0s

#2 resolve image config for docker-image://docker.io/docker/dockerfile:1.7
#2 DONE 0.4s

#3 docker-image://docker.io/docker/dockerfile:1.7@sha256:a57df69d0ea827fb7266491f2813635de6f17269be881f696fbfdf2d83dda33e
#3 resolve docker.io/docker/dockerfile:1.7@sha256:a57df69d0ea827fb7266491f2813635de6f17269be881f696fbfdf2d83dda33e 0.0s done
#3 CACHED

#4 [internal] load metadata for docker.io/library/alpine:3.22.6@sha256:5291449c3df73caf6ed85e649dec1b9e818b39a5d8c871e97afc13e9cd5e8fa8
#4 DONE 0.2s

#5 [internal] load metadata for docker.io/library/golang:1.27.1-bookworm@sha256:69a7b9788769bec032d238959b61854e9ae87f57be9029ec04e9885fabf99195
#5 DONE 0.2s

#6 [internal] load .dockerignore
#6 transferring context: 99B done
#6 DONE 0.0s

#7 [test 1/6] FROM docker.io/library/golang:1.27.1-bookworm@sha256:69a7b9788769bec032d238959b61854e9ae87f57be9029ec04e9885fabf99195
#7 resolve docker.io/library/golang:1.27.1-bookworm@sha256:69a7b9788769bec032d238959b61854e9ae87f57be9029ec04e9885fabf99195 0.0s done
#7 DONE 0.0s

#8 [runtime 1/3] FROM docker.io/library/alpine:3.22.6@sha256:5291449c3df73caf6ed85e649dec1b9e818b39a5d8c871e97afc13e9cd5e8fa8
#8 resolve docker.io/library/alpine:3.22.6@sha256:5291449c3df73caf6ed85e649dec1b9e818b39a5d8c871e97afc13e9cd5e8fa8 0.0s done
#8 DONE 0.0s

#9 [internal] load build context
#9 transferring context: 254.07kB 0.0s done
#9 DONE 0.0s

#10 [test 2/6] WORKDIR /src
#10 CACHED

#11 [test 4/6] COPY cmd ./cmd
#11 CACHED

#12 [test 5/6] COPY internal ./internal
#12 CACHED

#13 [test 3/6] COPY go.mod ./
#13 CACHED

#14 [test 6/6] RUN go test ./...
#14 CACHED

#15 [build 1/1] RUN CGO_ENABLED=0 go build -trimpath     -ldflags="-s -w -buildid= -X main.version=browser-pipeline-edabf2b" -o /out/router ./cmd/router
#15 DONE 33.7s

#16 [runtime 2/3] RUN apk add --no-cache ca-certificates wget     && addgroup -S -g 10001 router     && adduser -S -D -H -u 10001 -G router router     && mkdir -p /data/cache     && chown -R router:router /data
#16 CACHED

#17 [runtime 3/3] COPY --from=build --chown=router:router /out/router /usr/local/bin/router
#17 DONE 0.1s

#18 exporting to oci image format
#18 exporting layers
#18 exporting layers 0.5s done
#18 exporting manifest sha256:5fab5ba10f3d1252b0381a10cf401c1ac380ce8aef48088135d470515f96ce49 0.0s done
#18 exporting config sha256:6e5f547b111829ff8b4f311a9fc0506c383718217a814bae43d5d5b1a257419e 0.0s done
#18 sending tarball
#18 sending tarball 0.3s done
#18 DONE 0.9s

#19 importing to docker
#19 DONE 0.0s
